// Jest Snapshot v1, https://goo.gl/fbAQLP

exports[`QuickNavBar snapshots matches snapshot with Items tab active 1`] = `
<View
  accessibilityLabel="Main navigation"
  accessibilityRole="tabbar"
  style={
    [
      {
        "borderTopWidth": 1,
        "flexDirection": "row",
        "paddingTop": 8,
      },
      {
        "backgroundColor": "#FFFFFF",
        "borderTopColor": "#E2E8F0",
        "height": 92,
        "paddingBottom": 34,
      },
    ]
  }
>
  <View
    accessibilityLabel="Portfolio"
    accessibilityRole="tab"
    accessibilityState={
      {
        "busy": undefined,
        "checked": undefined,
        "disabled": undefined,
        "expanded": undefined,
        "selected": false,
      }
    }
    accessibilityValue={
      {
        "max": undefined,
        "min": undefined,
        "now": undefined,
        "text": undefined,
      }
    }
    accessible={true}
    collapsable={false}
    focusable={true}
    onBlur={[Function]}
    onClick={[Function]}
    onFocus={[Function]}
    onResponderGrant={[Function]}
    onResponderMove={[Function]}
    onResponderRelease={[Function]}
    onResponderTerminate={[Function]}
    onResponderTerminationRequest={[Function]}
    onStartShouldSetResponder={[Function]}
    style={
      {
        "alignItems": "center",
        "flex": 1,
        "gap": 2,
        "justifyContent": "center",
      }
    }
  >
    <Text
      allowFontScaling={false}
      selectable={false}
      style={
        [
          {
            "color": "#64748B",
            "fontSize": 22,
          },
          undefined,
          {
            "fontFamily": "ionicons",
            "fontStyle": "normal",
            "fontWeight": "normal",
          },
          {},
        ]
      }
    >
      
    </Text>
    <Text
      style={
        [
          {
            "fontSize": 11,
            "fontWeight": "700",
          },
          {
            "color": "#64748B",
          },
        ]
      }
    >
      Portfolio
    </Text>
  </View>
  <View
    accessibilityLabel="Items"
    accessibilityRole="tab"
    accessibilityState={
      {
        "busy": undefined,
        "checked": undefined,
        "disabled": undefined,
        "expanded": undefined,
        "selected": true,
      }
    }
    accessibilityValue={
      {
        "max": undefined,
        "min": undefined,
        "now": undefined,
        "text": undefined,
      }
    }
    accessible={true}
    collapsable={false}
    focusable={true}
    onBlur={[Function]}
    onClick={[Function]}
    onFocus={[Function]}
    onResponderGrant={[Function]}
    onResponderMove={[Function]}
    onResponderRelease={[Function]}
    onResponderTerminate={[Function]}
    onResponderTerminationRequest={[Function]}
    onStartShouldSetResponder={[Function]}
    style={
      {
        "alignItems": "center",
        "flex": 1,
        "gap": 2,
        "justifyContent": "center",
      }
    }
  >
    <Text
      allowFontScaling={false}
      selectable={false}
      style={
        [
          {
            "color": "#81D8D0",
            "fontSize": 22,
          },
          undefined,
          {
            "fontFamily": "ionicons",
            "fontStyle": "normal",
            "fontWeight": "normal",
          },
          {},
        ]
      }
    >
      
    </Text>
    <Text
      style={
        [
          {
            "fontSize": 11,
            "fontWeight": "700",
          },
          {
            "color": "#81D8D0",
          },
        ]
      }
    >
      Items
    </Text>
  </View>
  <View
    accessibilityLabel="Add"
    accessibilityRole="tab"
    accessibilityState={
      {
        "busy": undefined,
        "checked": undefined,
        "disabled": undefined,
        "expanded": undefined,
        "selected": false,
      }
    }
    accessibilityValue={
      {
        "max": undefined,
        "min": undefined,
        "now": undefined,
        "text": undefined,
      }
    }
    accessible={true}
    collapsable={false}
    focusable={true}
    onBlur={[Function]}
    onClick={[Function]}
    onFocus={[Function]}
    onResponderGrant={[Function]}
    onResponderMove={[Function]}
    onResponderRelease={[Function]}
    onResponderTerminate={[Function]}
    onResponderTerminationRequest={[Function]}
    onStartShouldSetResponder={[Function]}
    style={
      {
        "alignItems": "center",
        "flex": 1,
        "gap": 2,
        "justifyContent": "center",
      }
    }
  >
    <Text
      allowFontScaling={false}
      selectable={false}
      style={
        [
          {
            "color": "#64748B",
            "fontSize": 22,
          },
          undefined,
          {
            "fontFamily": "ionicons",
            "fontStyle": "normal",
            "fontWeight": "normal",
          },
          {},
        ]
      }
    >
      
    </Text>
    <Text
      style={
        [
          {
            "fontSize": 11,
            "fontWeight": "700",
          },
          {
            "color": "#64748B",
          },
        ]
      }
    >
      Add
    </Text>
  </View>
  <View
    accessibilityLabel="Events"
    accessibilityRole="tab"
    accessibilityState={
      {
        "busy": undefined,
        "checked": undefined,
        "disabled": undefined,
        "expanded": undefined,
        "selected": false,
      }
    }
    accessibilityValue={
      {
        "max": undefined,
        "min": undefined,
        "now": undefined,
        "text": undefined,
      }
    }
    accessible={true}
    collapsable={false}
    focusable={true}
    onBlur={[Function]}
    onClick={[Function]}
    onFocus={[Function]}
    onResponderGrant={[Function]}
    onResponderMove={[Function]}
    onResponderRelease={[Function]}
    onResponderTerminate={[Function]}
    onResponderTerminationRequest={[Function]}
    onStartShouldSetResponder={[Function]}
    style={
      {
        "alignItems": "center",
        "flex": 1,
        "gap": 2,
        "justifyContent": "center",
      }
    }
  >
    <Text
      allowFontScaling={false}
      selectable={false}
      style={
        [
          {
            "color": "#64748B",
            "fontSize": 22,
          },
          undefined,
          {
            "fontFamily": "ionicons",
            "fontStyle": "normal",
            "fontWeight": "normal",
          },
          {},
        ]
      }
    >
      
    </Text>
    <Text
      style={
        [
          {
            "fontSize": 11,
            "fontWeight": "700",
          },
          {
            "color": "#64748B",
          },
        ]
      }
    >
      Events
    </Text>
  </View>
  <View
    accessibilityLabel="Search"
    accessibilityRole="tab"
    accessibilityState={
      {
        "busy": undefined,
        "checked": undefined,
        "disabled": undefined,
        "expanded": undefined,
        "selected": false,
      }
    }
    accessibilityValue={
      {
        "max": undefined,
        "min": undefined,
        "now": undefined,
        "text": undefined,
      }
    }
    accessible={true}
    collapsable={false}
    focusable={true}
    onBlur={[Function]}
    onClick={[Function]}
    onFocus={[Function]}
    onResponderGrant={[Function]}
    onResponderMove={[Function]}
    onResponderRelease={[Function]}
    onResponderTerminate={[Function]}
    onResponderTerminationRequest={[Function]}
    onStartShouldSetResponder={[Function]}
    style={
      {
        "alignItems": "center",
        "flex": 1,
        "gap": 2,
        "justifyContent": "center",
      }
    }
  >
    <Text
      allowFontScaling={false}
      selectable={false}
      style={
        [
          {
            "color": "#64748B",
            "fontSize": 22,
          },
          undefined,
          {
            "fontFamily": "ionicons",
            "fontStyle": "normal",
            "fontWeight": "normal",
          },
          {},
        ]
      }
    >
      
    </Text>
    <Text
      style={
        [
          {
            "fontSize": 11,
            "fontWeight": "700",
          },
          {
            "color": "#64748B",
          },
        ]
      }
    >
      Search
    </Text>
  </View>
</View>
`;

exports[`QuickNavBar snapshots matches snapshot with Marketplace tab active 1`] = `
<View
  accessibilityLabel="Main navigation"
  accessibilityRole="tabbar"
  style={
    [
      {
        "borderTopWidth": 1,
        "flexDirection": "row",
        "paddingTop": 8,
      },
      {
        "backgroundColor": "#FFFFFF",
        "borderTopColor": "#E2E8F0",
        "height": 92,
        "paddingBottom": 34,
      },
    ]
  }
>
  <View
    accessibilityLabel="Portfolio"
    accessibilityRole="tab"
    accessibilityState={
      {
        "busy": undefined,
        "checked": undefined,
        "disabled": undefined,
        "expanded": undefined,
        "selected": false,
      }
    }
    accessibilityValue={
      {
        "max": undefined,
        "min": undefined,
        "now": undefined,
        "text": undefined,
      }
    }
    accessible={true}
    collapsable={false}
    focusable={true}
    onBlur={[Function]}
    onClick={[Function]}
    onFocus={[Function]}
    onResponderGrant={[Function]}
    onResponderMove={[Function]}
    onResponderRelease={[Function]}
    onResponderTerminate={[Function]}
    onResponderTerminationRequest={[Function]}
    onStartShouldSetResponder={[Function]}
    style={
      {
        "alignItems": "center",
        "flex": 1,
        "gap": 2,
        "justifyContent": "center",
      }
    }
  >
    <Text
      allowFontScaling={false}
      selectable={false}
      style={
        [
          {
            "color": "#64748B",
            "fontSize": 22,
          },
          undefined,
          {
            "fontFamily": "ionicons",
            "fontStyle": "normal",
            "fontWeight": "normal",
          },
          {},
        ]
      }
    >
      
    </Text>
    <Text
      style={
        [
          {
            "fontSize": 11,
            "fontWeight": "700",
          },
          {
            "color": "#64748B",
          },
        ]
      }
    >
      Portfolio
    </Text>
  </View>
  <View
    accessibilityLabel="Items"
    accessibilityRole="tab"
    accessibilityState={
      {
        "busy": undefined,
        "checked": undefined,
        "disabled": undefined,
        "expanded": undefined,
        "selected": false,
      }
    }
    accessibilityValue={
      {
        "max": undefined,
        "min": undefined,
        "now": undefined,
        "text": undefined,
      }
    }
    accessible={true}
    collapsable={false}
    focusable={true}
    onBlur={[Function]}
    onClick={[Function]}
    onFocus={[Function]}
    onResponderGrant={[Function]}
    onResponderMove={[Function]}
    onResponderRelease={[Function]}
    onResponderTerminate={[Function]}
    onResponderTerminationRequest={[Function]}
    onStartShouldSetResponder={[Function]}
    style={
      {
        "alignItems": "center",
        "flex": 1,
        "gap": 2,
        "justifyContent": "center",
      }
    }
  >
    <Text
      allowFontScaling={false}
      selectable={false}
      style={
        [
          {
            "color": "#64748B",
            "fontSize": 22,
          },
          undefined,
          {
            "fontFamily": "ionicons",
            "fontStyle": "normal",
            "fontWeight": "normal",
          },
          {},
        ]
      }
    >
      
    </Text>
    <Text
      style={
        [
          {
            "fontSize": 11,
            "fontWeight": "700",
          },
          {
            "color": "#64748B",
          },
        ]
      }
    >
      Items
    </Text>
  </View>
  <View
    accessibilityLabel="Add"
    accessibilityRole="tab"
    accessibilityState={
      {
        "busy": undefined,
        "checked": undefined,
        "disabled": undefined,
        "expanded": undefined,
        "selected": false,
      }
    }
    accessibilityValue={
      {
        "max": undefined,
        "min": undefined,
        "now": undefined,
        "text": undefined,
      }
    }
    accessible={true}
    collapsable={false}
    focusable={true}
    onBlur={[Function]}
    onClick={[Function]}
    onFocus={[Function]}
    onResponderGrant={[Function]}
    onResponderMove={[Function]}
    onResponderRelease={[Function]}
    onResponderTerminate={[Function]}
    onResponderTerminationRequest={[Function]}
    onStartShouldSetResponder={[Function]}
    style={
      {
        "alignItems": "center",
        "flex": 1,
        "gap": 2,
        "justifyContent": "center",
      }
    }
  >
    <Text
      allowFontScaling={false}
      selectable={false}
      style={
        [
          {
            "color": "#64748B",
            "fontSize": 22,
          },
          undefined,
          {
            "fontFamily": "ionicons",
            "fontStyle": "normal",
            "fontWeight": "normal",
          },
          {},
        ]
      }
    >
      
    </Text>
    <Text
      style={
        [
          {
            "fontSize": 11,
            "fontWeight": "700",
          },
          {
            "color": "#64748B",
          },
        ]
      }
    >
      Add
    </Text>
  </View>
  <View
    accessibilityLabel="Events"
    accessibilityRole="tab"
    accessibilityState={
      {
        "busy": undefined,
        "checked": undefined,
        "disabled": undefined,
        "expanded": undefined,
        "selected": false,
      }
    }
    accessibilityValue={
      {
        "max": undefined,
        "min": undefined,
        "now": undefined,
        "text": undefined,
      }
    }
    accessible={true}
    collapsable={false}
    focusable={true}
    onBlur={[Function]}
    onClick={[Function]}
    onFocus={[Function]}
    onResponderGrant={[Function]}
    onResponderMove={[Function]}
    onResponderRelease={[Function]}
    onResponderTerminate={[Function]}
    onResponderTerminationRequest={[Function]}
    onStartShouldSetResponder={[Function]}
    style={
      {
        "alignItems": "center",
        "flex": 1,
        "gap": 2,
        "justifyContent": "center",
      }
    }
  >
    <Text
      allowFontScaling={false}
      selectable={false}
      style={
        [
          {
            "color": "#64748B",
            "fontSize": 22,
          },
          undefined,
          {
            "fontFamily": "ionicons",
            "fontStyle": "normal",
            "fontWeight": "normal",
          },
          {},
        ]
      }
    >
      
    </Text>
    <Text
      style={
        [
          {
            "fontSize": 11,
            "fontWeight": "700",
          },
          {
            "color": "#64748B",
          },
        ]
      }
    >
      Events
    </Text>
  </View>
  <View
    accessibilityLabel="Search"
    accessibilityRole="tab"
    accessibilityState={
      {
        "busy": undefined,
        "checked": undefined,
        "disabled": undefined,
        "expanded": undefined,
        "selected": true,
      }
    }
    accessibilityValue={
      {
        "max": undefined,
        "min": undefined,
        "now": undefined,
        "text": undefined,
      }
    }
    accessible={true}
    collapsable={false}
    focusable={true}
    onBlur={[Function]}
    onClick={[Function]}
    onFocus={[Function]}
    onResponderGrant={[Function]}
    onResponderMove={[Function]}
    onResponderRelease={[Function]}
    onResponderTerminate={[Function]}
    onResponderTerminationRequest={[Function]}
    onStartShouldSetResponder={[Function]}
    style={
      {
        "alignItems": "center",
        "flex": 1,
        "gap": 2,
        "justifyContent": "center",
      }
    }
  >
    <Text
      allowFontScaling={false}
      selectable={false}
      style={
        [
          {
            "color": "#81D8D0",
            "fontSize": 22,
          },
          undefined,
          {
            "fontFamily": "ionicons",
            "fontStyle": "normal",
            "fontWeight": "normal",
          },
          {},
        ]
      }
    >
      
    </Text>
    <Text
      style={
        [
          {
            "fontSize": 11,
            "fontWeight": "700",
          },
          {
            "color": "#81D8D0",
          },
        ]
      }
    >
      Search
    </Text>
  </View>
</View>
`;

exports[`QuickNavBar snapshots matches snapshot with Portfolio tab active 1`] = `
<View
  accessibilityLabel="Main navigation"
  accessibilityRole="tabbar"
  style={
    [
      {
        "borderTopWidth": 1,
        "flexDirection": "row",
        "paddingTop": 8,
      },
      {
        "backgroundColor": "#FFFFFF",
        "borderTopColor": "#E2E8F0",
        "height": 92,
        "paddingBottom": 34,
      },
    ]
  }
>
  <View
    accessibilityLabel="Portfolio"
    accessibilityRole="tab"
    accessibilityState={
      {
        "busy": undefined,
        "checked": undefined,
        "disabled": undefined,
        "expanded": undefined,
        "selected": true,
      }
    }
    accessibilityValue={
      {
        "max": undefined,
        "min": undefined,
        "now": undefined,
        "text": undefined,
      }
    }
    accessible={true}
    collapsable={false}
    focusable={true}
    onBlur={[Function]}
    onClick={[Function]}
    onFocus={[Function]}
    onResponderGrant={[Function]}
    onResponderMove={[Function]}
    onResponderRelease={[Function]}
    onResponderTerminate={[Function]}
    onResponderTerminationRequest={[Function]}
    onStartShouldSetResponder={[Function]}
    style={
      {
        "alignItems": "center",
        "flex": 1,
        "gap": 2,
        "justifyContent": "center",
      }
    }
  >
    <Text
      allowFontScaling={false}
      selectable={false}
      style={
        [
          {
            "color": "#81D8D0",
            "fontSize": 22,
          },
          undefined,
          {
            "fontFamily": "ionicons",
            "fontStyle": "normal",
            "fontWeight": "normal",
          },
          {},
        ]
      }
    >
      
    </Text>
    <Text
      style={
        [
          {
            "fontSize": 11,
            "fontWeight": "700",
          },
          {
            "color": "#81D8D0",
          },
        ]
      }
    >
      Portfolio
    </Text>
  </View>
  <View
    accessibilityLabel="Items"
    accessibilityRole="tab"
    accessibilityState={
      {
        "busy": undefined,
        "checked": undefined,
        "disabled": undefined,
        "expanded": undefined,
        "selected": false,
      }
    }
    accessibilityValue={
      {
        "max": undefined,
        "min": undefined,
        "now": undefined,
        "text": undefined,
      }
    }
    accessible={true}
    collapsable={false}
    focusable={true}
    onBlur={[Function]}
    onClick={[Function]}
    onFocus={[Function]}
    onResponderGrant={[Function]}
    onResponderMove={[Function]}
    onResponderRelease={[Function]}
    onResponderTerminate={[Function]}
    onResponderTerminationRequest={[Function]}
    onStartShouldSetResponder={[Function]}
    style={
      {
        "alignItems": "center",
        "flex": 1,
        "gap": 2,
        "justifyContent": "center",
      }
    }
  >
    <Text
      allowFontScaling={false}
      selectable={false}
      style={
        [
          {
            "color": "#64748B",
            "fontSize": 22,
          },
          undefined,
          {
            "fontFamily": "ionicons",
            "fontStyle": "normal",
            "fontWeight": "normal",
          },
          {},
        ]
      }
    >
      
    </Text>
    <Text
      style={
        [
          {
            "fontSize": 11,
            "fontWeight": "700",
          },
          {
            "color": "#64748B",
          },
        ]
      }
    >
      Items
    </Text>
  </View>
  <View
    accessibilityLabel="Add"
    accessibilityRole="tab"
    accessibilityState={
      {
        "busy": undefined,
        "checked": undefined,
        "disabled": undefined,
        "expanded": undefined,
        "selected": false,
      }
    }
    accessibilityValue={
      {
        "max": undefined,
        "min": undefined,
        "now": undefined,
        "text": undefined,
      }
    }
    accessible={true}
    collapsable={false}
    focusable={true}
    onBlur={[Function]}
    onClick={[Function]}
    onFocus={[Function]}
    onResponderGrant={[Function]}
    onResponderMove={[Function]}
    onResponderRelease={[Function]}
    onResponderTerminate={[Function]}
    onResponderTerminationRequest={[Function]}
    onStartShouldSetResponder={[Function]}
    style={
      {
        "alignItems": "center",
        "flex": 1,
        "gap": 2,
        "justifyContent": "center",
      }
    }
  >
    <Text
      allowFontScaling={false}
      selectable={false}
      style={
        [
          {
            "color": "#64748B",
            "fontSize": 22,
          },
          undefined,
          {
            "fontFamily": "ionicons",
            "fontStyle": "normal",
            "fontWeight": "normal",
          },
          {},
        ]
      }
    >
      
    </Text>
    <Text
      style={
        [
          {
            "fontSize": 11,
            "fontWeight": "700",
          },
          {
            "color": "#64748B",
          },
        ]
      }
    >
      Add
    </Text>
  </View>
  <View
    accessibilityLabel="Events"
    accessibilityRole="tab"
    accessibilityState={
      {
        "busy": undefined,
        "checked": undefined,
        "disabled": undefined,
        "expanded": undefined,
        "selected": false,
      }
    }
    accessibilityValue={
      {
        "max": undefined,
        "min": undefined,
        "now": undefined,
        "text": undefined,
      }
    }
    accessible={true}
    collapsable={false}
    focusable={true}
    onBlur={[Function]}
    onClick={[Function]}
    onFocus={[Function]}
    onResponderGrant={[Function]}
    onResponderMove={[Function]}
    onResponderRelease={[Function]}
    onResponderTerminate={[Function]}
    onResponderTerminationRequest={[Function]}
    onStartShouldSetResponder={[Function]}
    style={
      {
        "alignItems": "center",
        "flex": 1,
        "gap": 2,
        "justifyContent": "center",
      }
    }
  >
    <Text
      allowFontScaling={false}
      selectable={false}
      style={
        [
          {
            "color": "#64748B",
            "fontSize": 22,
          },
          undefined,
          {
            "fontFamily": "ionicons",
            "fontStyle": "normal",
            "fontWeight": "normal",
          },
          {},
        ]
      }
    >
      
    </Text>
    <Text
      style={
        [
          {
            "fontSize": 11,
            "fontWeight": "700",
          },
          {
            "color": "#64748B",
          },
        ]
      }
    >
      Events
    </Text>
  </View>
  <View
    accessibilityLabel="Search"
    accessibilityRole="tab"
    accessibilityState={
      {
        "busy": undefined,
        "checked": undefined,
        "disabled": undefined,
        "expanded": undefined,
        "selected": false,
      }
    }
    accessibilityValue={
      {
        "max": undefined,
        "min": undefined,
        "now": undefined,
        "text": undefined,
      }
    }
    accessible={true}
    collapsable={false}
    focusable={true}
    onBlur={[Function]}
    onClick={[Function]}
    onFocus={[Function]}
    onResponderGrant={[Function]}
    onResponderMove={[Function]}
    onResponderRelease={[Function]}
    onResponderTerminate={[Function]}
    onResponderTerminationRequest={[Function]}
    onStartShouldSetResponder={[Function]}
    style={
      {
        "alignItems": "center",
        "flex": 1,
        "gap": 2,
        "justifyContent": "center",
      }
    }
  >
    <Text
      allowFontScaling={false}
      selectable={false}
      style={
        [
          {
            "color": "#64748B",
            "fontSize": 22,
          },
          undefined,
          {
            "fontFamily": "ionicons",
            "fontStyle": "normal",
            "fontWeight": "normal",
          },
          {},
        ]
      }
    >
      
    </Text>
    <Text
      style={
        [
          {
            "fontSize": 11,
            "fontWeight": "700",
          },
          {
            "color": "#64748B",
          },
        ]
      }
    >
      Search
    </Text>
  </View>
</View>
`;

exports[`QuickNavBar snapshots matches snapshot with no tab active 1`] = `
<View
  accessibilityLabel="Main navigation"
  accessibilityRole="tabbar"
  style={
    [
      {
        "borderTopWidth": 1,
        "flexDirection": "row",
        "paddingTop": 8,
      },
      {
        "backgroundColor": "#FFFFFF",
        "borderTopColor": "#E2E8F0",
        "height": 92,
        "paddingBottom": 34,
      },
    ]
  }
>
  <View
    accessibilityLabel="Portfolio"
    accessibilityRole="tab"
    accessibilityState={
      {
        "busy": undefined,
        "checked": undefined,
        "disabled": undefined,
        "expanded": undefined,
        "selected": false,
      }
    }
    accessibilityValue={
      {
        "max": undefined,
        "min": undefined,
        "now": undefined,
        "text": undefined,
      }
    }
    accessible={true}
    collapsable={false}
    focusable={true}
    onBlur={[Function]}
    onClick={[Function]}
    onFocus={[Function]}
    onResponderGrant={[Function]}
    onResponderMove={[Function]}
    onResponderRelease={[Function]}
    onResponderTerminate={[Function]}
    onResponderTerminationRequest={[Function]}
    onStartShouldSetResponder={[Function]}
    style={
      {
        "alignItems": "center",
        "flex": 1,
        "gap": 2,
        "justifyContent": "center",
      }
    }
  >
    <Text />
    <Text
      style={
        [
          {
            "fontSize": 11,
            "fontWeight": "700",
          },
          {
            "color": "#64748B",
          },
        ]
      }
    >
      Portfolio
    </Text>
  </View>
  <View
    accessibilityLabel="Items"
    accessibilityRole="tab"
    accessibilityState={
      {
        "busy": undefined,
        "checked": undefined,
        "disabled": undefined,
        "expanded": undefined,
        "selected": false,
      }
    }
    accessibilityValue={
      {
        "max": undefined,
        "min": undefined,
        "now": undefined,
        "text": undefined,
      }
    }
    accessible={true}
    collapsable={false}
    focusable={true}
    onBlur={[Function]}
    onClick={[Function]}
    onFocus={[Function]}
    onResponderGrant={[Function]}
    onResponderMove={[Function]}
    onResponderRelease={[Function]}
    onResponderTerminate={[Function]}
    onResponderTerminationRequest={[Function]}
    onStartShouldSetResponder={[Function]}
    style={
      {
        "alignItems": "center",
        "flex": 1,
        "gap": 2,
        "justifyContent": "center",
      }
    }
  >
    <Text />
    <Text
      style={
        [
          {
            "fontSize": 11,
            "fontWeight": "700",
          },
          {
            "color": "#64748B",
          },
        ]
      }
    >
      Items
    </Text>
  </View>
  <View
    accessibilityLabel="Add"
    accessibilityRole="tab"
    accessibilityState={
      {
        "busy": undefined,
        "checked": undefined,
        "disabled": undefined,
        "expanded": undefined,
        "selected": false,
      }
    }
    accessibilityValue={
      {
        "max": undefined,
        "min": undefined,
        "now": undefined,
        "text": undefined,
      }
    }
    accessible={true}
    collapsable={false}
    focusable={true}
    onBlur={[Function]}
    onClick={[Function]}
    onFocus={[Function]}
    onResponderGrant={[Function]}
    onResponderMove={[Function]}
    onResponderRelease={[Function]}
    onResponderTerminate={[Function]}
    onResponderTerminationRequest={[Function]}
    onStartShouldSetResponder={[Function]}
    style={
      {
        "alignItems": "center",
        "flex": 1,
        "gap": 2,
        "justifyContent": "center",
      }
    }
  >
    <Text />
    <Text
      style={
        [
          {
            "fontSize": 11,
            "fontWeight": "700",
          },
          {
            "color": "#64748B",
          },
        ]
      }
    >
      Add
    </Text>
  </View>
  <View
    accessibilityLabel="Events"
    accessibilityRole="tab"
    accessibilityState={
      {
        "busy": undefined,
        "checked": undefined,
        "disabled": undefined,
        "expanded": undefined,
        "selected": false,
      }
    }
    accessibilityValue={
      {
        "max": undefined,
        "min": undefined,
        "now": undefined,
        "text": undefined,
      }
    }
    accessible={true}
    collapsable={false}
    focusable={true}
    onBlur={[Function]}
    onClick={[Function]}
    onFocus={[Function]}
    onResponderGrant={[Function]}
    onResponderMove={[Function]}
    onResponderRelease={[Function]}
    onResponderTerminate={[Function]}
    onResponderTerminationRequest={[Function]}
    onStartShouldSetResponder={[Function]}
    style={
      {
        "alignItems": "center",
        "flex": 1,
        "gap": 2,
        "justifyContent": "center",
      }
    }
  >
    <Text />
    <Text
      style={
        [
          {
            "fontSize": 11,
            "fontWeight": "700",
          },
          {
            "color": "#64748B",
          },
        ]
      }
    >
      Events
    </Text>
  </View>
  <View
    accessibilityLabel="Search"
    accessibilityRole="tab"
    accessibilityState={
      {
        "busy": undefined,
        "checked": undefined,
        "disabled": undefined,
        "expanded": undefined,
        "selected": false,
      }
    }
    accessibilityValue={
      {
        "max": undefined,
        "min": undefined,
        "now": undefined,
        "text": undefined,
      }
    }
    accessible={true}
    collapsable={false}
    focusable={true}
    onBlur={[Function]}
    onClick={[Function]}
    onFocus={[Function]}
    onResponderGrant={[Function]}
    onResponderMove={[Function]}
    onResponderRelease={[Function]}
    onResponderTerminate={[Function]}
    onResponderTerminationRequest={[Function]}
    onStartShouldSetResponder={[Function]}
    style={
      {
        "alignItems": "center",
        "flex": 1,
        "gap": 2,
        "justifyContent": "center",
      }
    }
  >
    <Text />
    <Text
      style={
        [
          {
            "fontSize": 11,
            "fontWeight": "700",
          },
          {
            "color": "#64748B",
          },
        ]
      }
    >
      Search
    </Text>
  </View>
</View>
`;
